// Vitest Snapshot v1, https://vitest.dev/guide/snapshot.html

exports[`ofetch > custom stringify query 1`] = `
{
  "foo[bar][baz]": "value",
}
`;
